// Jest Snapshot v1, https://goo.gl/fbAQLP

exports[`renders correctly 1`] = `
Array [
  <div>
    <div
      className="banner--container"
    >
      <p>
        Data provided by
        <a
          href="https://docs.coincap.io/"
        >
           CoinCap 2.0
        </a>
      </p>
    </div>
    <div
      className="app--container"
    >
      <main>
        <div
          className="head--display"
        >
          <header
            className="header--container"
          >
            <div
              className="header--title"
            >
              <div
                className="title--logo"
              >
                <img
                  alt=""
                  src="logo.png"
                />
              </div>
              <div>
                <h1>
                  Crypto
                  <br />
                  Watcher
                </h1>
                <p
                  className="header--subtitle"
                >
                  0 listed coins.
                </p>
              </div>
            </div>
            <form>
              <div
                className="header--search-icon"
              >
                <svg
                  fill="currentColor"
                  height="1em"
                  stroke="currentColor"
                  strokeWidth="0"
                  style={
                    Object {
                      "color": undefined,
                    }
                  }
                  viewBox="0 0 512 512"
                  width="1em"
                  xmlns="http://www.w3.org/2000/svg"
                >
                  <path
                    d="M505 442.7L405.3 343c-4.5-4.5-10.6-7-17-7H372c27.6-35.3 44-79.7 44-128C416 93.1 322.9 0 208 0S0 93.1 0 208s93.1 208 208 208c48.3 0 92.7-16.4 128-44v16.3c0 6.4 2.5 12.5 7 17l99.7 99.7c9.4 9.4 24.6 9.4 33.9 0l28.3-28.3c9.4-9.4 9.4-24.6.1-34zM208 336c-70.7 0-128-57.2-128-128 0-70.7 57.2-128 128-128 70.7 0 128 57.2 128 128 0 70.7-57.2 128-128 128z"
                  />
                </svg>
              </div>
              <input
                onChange={[Function]}
                placeholder="Search"
                type="text"
                value=""
              />
            </form>
          </header>
        </div>
        <div
          className="list--display"
        >
          <div
            className="home--container"
          >
            <ul
              className="home--list-container"
            />
          </div>
        </div>
      </main>
    </div>
  </div>,
  ",",
]
`;
